Hello from Nexus Agent